[2026-05-16 17:40:19] === Bet A Config B (~25M) on v2 corpus (3080) ===
C:\Users\seanj\AppData\Roaming\Python\Python312\site-packages\mlflow\tracking\_tracking_service\utils.py:178: FutureWarning: The filesystem tracking backend (e.g., './mlruns') will be deprecated in February 2026. Consider transitioning to a database backend (e.g., 'sqlite:///mlflow.db') to take advantage of the latest MLflow features. See https://github.com/mlflow/mlflow/issues/18534 for more details and migration guidance. For migrating existing data, https://github.com/mlflow/mlflow-export-import can be used.
  return FileStore(store_uri, store_uri)

============================================================
  MathGPT Fine-Tuning
============================================================
  Device : cuda  (NVIDIA GeForce RTX 3080)
  dtype  : torch.bfloat16
  Data   : F:/projects/autoresearch/bet_a/training_data/bet_a_asm_v2_train.jsonl
  Pairs  : 1087 train / 119 val  (external val)
  Params : 25,765,888  (25.77M)
  Config : n_layer=8 n_head=8 n_embd=512 seq=1024

------------------------------------------------------------
  Training 100 epochs  |  34 steps/epoch  |  batch=32
  MLflow run: aa6535a73bdf4229a3c68b3d223e6371 @ file:F:\projects\autoresearch\mlruns
------------------------------------------------------------
  [2026-05-16 17:40:35] epoch 001/100  train=4.1815  val=3.5605  lr=1.98e-05  8.7s  * BEST
  [2026-05-16 17:40:43] epoch 002/100  train=3.3653  val=3.1413  lr=4.02e-05  7.9s  * BEST
  [2026-05-16 17:40:51] epoch 003/100  train=3.1012  val=2.9978  lr=6.06e-05  7.9s  * BEST
  [2026-05-16 17:40:59] epoch 004/100  train=3.0013  val=2.9610  lr=8.10e-05  8.0s  * BEST
  [2026-05-16 17:41:08] epoch 005/100  train=2.9690  val=2.9483  lr=1.01e-04  8.0s  * BEST
  [2026-05-16 17:41:08] Saved checkpoint -> F:\projects\autoresearch\bet_a\checkpoints\v2_B_8x8_512_char\epoch_0005.pt
  [2026-05-16 17:41:16] epoch 006/100  train=2.9548  val=2.9397  lr=1.22e-04  8.0s  * BEST
  [2026-05-16 17:41:24] epoch 007/100  train=2.9419  val=2.9319  lr=1.42e-04  8.0s  * BEST
  [2026-05-16 17:41:33] epoch 008/100  train=2.9328  val=2.9267  lr=1.63e-04  8.0s  * BEST
  [2026-05-16 17:41:41] epoch 009/100  train=2.9215  val=2.9156  lr=1.83e-04  8.0s  * BEST
  [2026-05-16 17:41:49] epoch 010/100  train=2.9093  val=2.9111  lr=2.03e-04  8.0s  * BEST
  [2026-05-16 17:41:49] Saved checkpoint -> F:\projects\autoresearch\bet_a\checkpoints\v2_B_8x8_512_char\epoch_0010.pt
  [2026-05-16 17:41:49] exact_match probe: 0.0% (16 samples)
  [2026-05-16 17:42:08] epoch 011/100  train=2.8990  val=2.9011  lr=2.24e-04  8.0s  * BEST
  [2026-05-16 17:42:16] epoch 012/100  train=2.8854  val=2.8927  lr=2.44e-04  8.0s  * BEST
  [2026-05-16 17:42:25] epoch 013/100  train=2.8725  val=2.8916  lr=2.65e-04  8.1s  * BEST
  [2026-05-16 17:42:33] epoch 014/100  train=2.8601  val=2.8818  lr=2.85e-04  8.1s  * BEST
  [2026-05-16 17:42:41] epoch 015/100  train=2.8457  val=2.8710  lr=3.00e-04  8.1s  * BEST
  [2026-05-16 17:42:41] Saved checkpoint -> F:\projects\autoresearch\bet_a\checkpoints\v2_B_8x8_512_char\epoch_0015.pt
  [2026-05-16 17:42:50] epoch 016/100  train=2.8322  val=2.8611  lr=3.00e-04  8.1s  * BEST
  [2026-05-16 17:42:58] epoch 017/100  train=2.8076  val=2.8489  lr=3.00e-04  8.1s  * BEST
  [2026-05-16 17:43:07] epoch 018/100  train=2.7850  val=2.8165  lr=2.99e-04  8.1s  * BEST
  [2026-05-16 17:43:15] epoch 019/100  train=2.7438  val=2.7506  lr=2.98e-04  8.1s  * BEST
  [2026-05-16 17:43:23] epoch 020/100  train=2.6852  val=2.6861  lr=2.97e-04  8.1s  * BEST
  [2026-05-16 17:43:23] Saved checkpoint -> F:\projects\autoresearch\bet_a\checkpoints\v2_B_8x8_512_char\epoch_0020.pt
  [2026-05-16 17:43:23] exact_match probe: 0.0% (16 samples)
  [2026-05-16 17:43:42] epoch 021/100  train=2.6178  val=2.6074  lr=2.96e-04  8.1s  * BEST
  [2026-05-16 17:43:51] epoch 022/100  train=2.5582  val=2.5325  lr=2.95e-04  8.1s  * BEST
  [2026-05-16 17:43:59] epoch 023/100  train=2.4979  val=2.4680  lr=2.94e-04  8.1s  * BEST
  [2026-05-16 17:44:07] epoch 024/100  train=2.4318  val=2.4067  lr=2.92e-04  8.1s  * BEST
  [2026-05-16 17:44:16] epoch 025/100  train=2.3705  val=2.3464  lr=2.90e-04  8.1s  * BEST
  [2026-05-16 17:44:16] Saved checkpoint -> F:\projects\autoresearch\bet_a\checkpoints\v2_B_8x8_512_char\epoch_0025.pt
  [2026-05-16 17:44:24] epoch 026/100  train=2.3147  val=2.2973  lr=2.89e-04  8.1s  * BEST
  [2026-05-16 17:44:33] epoch 027/100  train=2.2686  val=2.2451  lr=2.86e-04  8.1s  * BEST
  [2026-05-16 17:44:41] epoch 028/100  train=2.2189  val=2.2060  lr=2.84e-04  8.1s  * BEST
  [2026-05-16 17:44:49] epoch 029/100  train=2.1715  val=2.1755  lr=2.82e-04  8.1s  * BEST
  [2026-05-16 17:44:58] epoch 030/100  train=2.1285  val=2.1274  lr=2.79e-04  8.1s  * BEST
  [2026-05-16 17:44:58] Saved checkpoint -> F:\projects\autoresearch\bet_a\checkpoints\v2_B_8x8_512_char\epoch_0030.pt
  [2026-05-16 17:44:58] exact_match probe: 0.0% (16 samples)
  [2026-05-16 17:45:17] epoch 031/100  train=2.0900  val=2.0982  lr=2.76e-04  8.1s  * BEST
  [2026-05-16 17:45:25] epoch 032/100  train=2.0518  val=2.0718  lr=2.74e-04  8.1s  * BEST
  [2026-05-16 17:45:33] epoch 033/100  train=2.0236  val=2.0649  lr=2.71e-04  8.1s  * BEST
  [2026-05-16 17:45:42] epoch 034/100  train=1.9942  val=2.0296  lr=2.67e-04  8.2s  * BEST
  [2026-05-16 17:45:51] epoch 035/100  train=1.9658  val=2.0136  lr=2.64e-04  8.3s  * BEST
  [2026-05-16 17:45:51] Saved checkpoint -> F:\projects\autoresearch\bet_a\checkpoints\v2_B_8x8_512_char\epoch_0035.pt
  [2026-05-16 17:46:00] epoch 036/100  train=1.9398  val=1.9961  lr=2.61e-04  8.3s  * BEST
  [2026-05-16 17:46:08] epoch 037/100  train=1.9157  val=1.9788  lr=2.57e-04  8.3s  * BEST
  [2026-05-16 17:46:17] epoch 038/100  train=1.8925  val=1.9762  lr=2.53e-04  8.3s  * BEST
  [2026-05-16 17:46:26] epoch 039/100  train=1.8760  val=1.9560  lr=2.50e-04  8.3s  * BEST
  [2026-05-16 17:46:34] epoch 040/100  train=1.8550  val=1.9396  lr=2.46e-04  8.3s  * BEST
  [2026-05-16 17:46:34] Saved checkpoint -> F:\projects\autoresearch\bet_a\checkpoints\v2_B_8x8_512_char\epoch_0040.pt
  [2026-05-16 17:46:34] exact_match probe: 0.0% (16 samples)
  [2026-05-16 17:46:55] epoch 041/100  train=1.8340  val=1.9356  lr=2.42e-04  8.2s  * BEST
  [2026-05-16 17:47:03] epoch 042/100  train=1.8183  val=1.9333  lr=2.37e-04  8.3s  * BEST
  [2026-05-16 17:47:12] epoch 043/100  train=1.8016  val=1.9135  lr=2.33e-04  8.3s  * BEST
  [2026-05-16 17:47:21] epoch 044/100  train=1.7857  val=1.9069  lr=2.29e-04  8.3s  * BEST
  [2026-05-16 17:47:29] epoch 045/100  train=1.7709  val=1.9108  lr=2.24e-04  8.3s  
  [2026-05-16 17:47:29] Saved checkpoint -> F:\projects\autoresearch\bet_a\checkpoints\v2_B_8x8_512_char\epoch_0045.pt
  [2026-05-16 17:47:38] epoch 046/100  train=1.7568  val=1.9052  lr=2.20e-04  8.3s  * BEST
  [2026-05-16 17:47:47] epoch 047/100  train=1.7422  val=1.8928  lr=2.15e-04  8.3s  * BEST
  [2026-05-16 17:47:55] epoch 048/100  train=1.7296  val=1.9032  lr=2.11e-04  8.3s  
  [2026-05-16 17:48:03] epoch 049/100  train=1.7185  val=1.8928  lr=2.06e-04  8.3s  * BEST
  [2026-05-16 17:48:12] epoch 050/100  train=1.7064  val=1.8937  lr=2.01e-04  8.3s  
  [2026-05-16 17:48:12] Saved checkpoint -> F:\projects\autoresearch\bet_a\checkpoints\v2_B_8x8_512_char\epoch_0050.pt
  [2026-05-16 17:48:12] exact_match probe: 0.0% (16 samples)
  [2026-05-16 17:48:33] epoch 051/100  train=1.6938  val=1.8843  lr=1.96e-04  8.2s  * BEST
  [2026-05-16 17:48:41] epoch 052/100  train=1.6824  val=1.8893  lr=1.92e-04  8.3s  
  [2026-05-16 17:48:50] epoch 053/100  train=1.6711  val=1.8829  lr=1.87e-04  8.3s  * BEST
  [2026-05-16 17:48:58] epoch 054/100  train=1.6606  val=1.8770  lr=1.82e-04  8.3s  * BEST
  [2026-05-16 17:49:07] epoch 055/100  train=1.6476  val=1.8731  lr=1.77e-04  8.3s  * BEST
  [2026-05-16 17:49:07] Saved checkpoint -> F:\projects\autoresearch\bet_a\checkpoints\v2_B_8x8_512_char\epoch_0055.pt
  [2026-05-16 17:49:16] epoch 056/100  train=1.6373  val=1.8739  lr=1.72e-04  8.3s  
  [2026-05-16 17:49:24] epoch 057/100  train=1.6267  val=1.8737  lr=1.67e-04  8.3s  
  [2026-05-16 17:49:32] epoch 058/100  train=1.6187  val=1.8759  lr=1.62e-04  8.3s  
  [2026-05-16 17:49:41] epoch 059/100  train=1.6079  val=1.8751  lr=1.57e-04  8.3s  
  [2026-05-16 17:49:49] epoch 060/100  train=1.5997  val=1.8751  lr=1.52e-04  8.3s  
  [2026-05-16 17:49:49] Saved checkpoint -> F:\projects\autoresearch\bet_a\checkpoints\v2_B_8x8_512_char\epoch_0060.pt
  [2026-05-16 17:49:49] exact_match probe: 0.0% (16 samples)
  [2026-05-16 17:50:09] epoch 061/100  train=1.5905  val=1.8716  lr=1.47e-04  8.2s  * BEST
  [2026-05-16 17:50:18] epoch 062/100  train=1.5802  val=1.8715  lr=1.42e-04  8.3s  * BEST
  [2026-05-16 17:50:26] epoch 063/100  train=1.5709  val=1.8872  lr=1.37e-04  8.3s  
  [2026-05-16 17:50:35] epoch 064/100  train=1.5610  val=1.8677  lr=1.32e-04  8.3s  * BEST
  [2026-05-16 17:50:43] epoch 065/100  train=1.5527  val=1.8778  lr=1.28e-04  8.3s  
  [2026-05-16 17:50:43] Saved checkpoint -> F:\projects\autoresearch\bet_a\checkpoints\v2_B_8x8_512_char\epoch_0065.pt
  [2026-05-16 17:50:52] epoch 066/100  train=1.5435  val=1.8767  lr=1.23e-04  8.3s  
  [2026-05-16 17:51:00] epoch 067/100  train=1.5359  val=1.8843  lr=1.18e-04  8.3s  
  [2026-05-16 17:51:08] epoch 068/100  train=1.5291  val=1.8761  lr=1.14e-04  8.3s  
  [2026-05-16 17:51:17] epoch 069/100  train=1.5200  val=1.8775  lr=1.09e-04  8.3s  
  [2026-05-16 17:51:25] epoch 070/100  train=1.5118  val=1.8863  lr=1.04e-04  8.3s  
  [2026-05-16 17:51:25] Saved checkpoint -> F:\projects\autoresearch\bet_a\checkpoints\v2_B_8x8_512_char\epoch_0070.pt
  [2026-05-16 17:51:25] exact_match probe: 0.0% (16 samples)
  [2026-05-16 17:51:45] epoch 071/100  train=1.5041  val=1.8822  lr=1.00e-04  8.3s  
  [2026-05-16 17:51:54] epoch 072/100  train=1.4980  val=1.8839  lr=9.58e-05  8.3s  
  [2026-05-16 17:52:02] epoch 073/100  train=1.4885  val=1.8840  lr=9.16e-05  8.3s  
  [2026-05-16 17:52:10] epoch 074/100  train=1.4835  val=1.8778  lr=8.74e-05  8.3s  
  [2026-05-16 17:52:18] epoch 075/100  train=1.4752  val=1.8884  lr=8.34e-05  8.3s  
  [2026-05-16 17:52:18] Saved checkpoint -> F:\projects\autoresearch\bet_a\checkpoints\v2_B_8x8_512_char\epoch_0075.pt
  [2026-05-16 17:52:27] epoch 076/100  train=1.4683  val=1.8929  lr=7.95e-05  8.3s  
  [2026-05-16 17:52:35] epoch 077/100  train=1.4619  val=1.8932  lr=7.57e-05  8.3s  
  [2026-05-16 17:52:44] epoch 078/100  train=1.4552  val=1.8970  lr=7.21e-05  8.3s  
  [2026-05-16 17:52:52] epoch 079/100  train=1.4484  val=1.9013  lr=6.85e-05  8.3s  
  [2026-05-16 17:53:00] epoch 080/100  train=1.4431  val=1.9043  lr=6.51e-05  8.3s  
  [2026-05-16 17:53:00] Saved checkpoint -> F:\projects\autoresearch\bet_a\checkpoints\v2_B_8x8_512_char\epoch_0080.pt
  [2026-05-16 17:53:00] exact_match probe: 0.0% (16 samples)
  [2026-05-16 17:53:20] epoch 081/100  train=1.4381  val=1.9087  lr=6.18e-05  8.3s  
  [2026-05-16 17:53:29] epoch 082/100  train=1.4317  val=1.8984  lr=5.87e-05  8.3s  
  [2026-05-16 17:53:37] epoch 083/100  train=1.4264  val=1.9076  lr=5.57e-05  8.3s  
  [2026-05-16 17:53:45] epoch 084/100  train=1.4216  val=1.9038  lr=5.29e-05  8.3s  
  [2026-05-16 17:53:54] epoch 085/100  train=1.4161  val=1.9114  lr=5.02e-05  8.3s  
  [2026-05-16 17:53:54] Saved checkpoint -> F:\projects\autoresearch\bet_a\checkpoints\v2_B_8x8_512_char\epoch_0085.pt
  [2026-05-16 17:54:02] epoch 086/100  train=1.4120  val=1.9054  lr=4.76e-05  8.3s  
  [2026-05-16 17:54:10] epoch 087/100  train=1.4068  val=1.9125  lr=4.52e-05  8.3s  
  [2026-05-16 17:54:19] epoch 088/100  train=1.4024  val=1.9139  lr=4.30e-05  8.3s  
  [2026-05-16 17:54:27] epoch 089/100  train=1.3980  val=1.9168  lr=4.10e-05  8.3s  
  [2026-05-16 17:54:35] epoch 090/100  train=1.3934  val=1.9230  lr=3.91e-05  8.3s  
  [2026-05-16 17:54:35] Saved checkpoint -> F:\projects\autoresearch\bet_a\checkpoints\v2_B_8x8_512_char\epoch_0090.pt
  [2026-05-16 17:54:35] exact_match probe: 0.0% (16 samples)
  [2026-05-16 17:54:54] epoch 091/100  train=1.3902  val=1.9186  lr=3.74e-05  8.3s  
  [2026-05-16 17:55:02] epoch 092/100  train=1.3865  val=1.9194  lr=3.59e-05  8.3s  
  [2026-05-16 17:55:11] epoch 093/100  train=1.3835  val=1.9199  lr=3.45e-05  8.3s  
  [2026-05-16 17:55:19] epoch 094/100  train=1.3792  val=1.9275  lr=3.33e-05  8.3s  
  [2026-05-16 17:55:27] epoch 095/100  train=1.3766  val=1.9279  lr=3.23e-05  8.3s  
  [2026-05-16 17:55:27] Saved checkpoint -> F:\projects\autoresearch\bet_a\checkpoints\v2_B_8x8_512_char\epoch_0095.pt
  [2026-05-16 17:55:36] epoch 096/100  train=1.3742  val=1.9262  lr=3.15e-05  8.3s  
  [2026-05-16 17:55:45] epoch 097/100  train=1.3708  val=1.9347  lr=3.08e-05  8.3s  
  [2026-05-16 17:55:53] epoch 098/100  train=1.3679  val=1.9320  lr=3.04e-05  8.3s  
  [2026-05-16 17:56:01] epoch 099/100  train=1.3656  val=1.9317  lr=3.01e-05  8.3s  
  [2026-05-16 17:56:09] epoch 100/100  train=1.3638  val=1.9398  lr=3.00e-05  8.3s  
  [2026-05-16 17:56:09] Saved checkpoint -> F:\projects\autoresearch\bet_a\checkpoints\v2_B_8x8_512_char\epoch_0100.pt
  [2026-05-16 17:56:09] exact_match probe: 0.0% (16 samples)

============================================================
  [2026-05-16 17:56:21] Training complete
  Best val loss : 1.8677
  Checkpoints  -> F:\projects\autoresearch\bet_a\checkpoints\v2_B_8x8_512_char
============================================================
  MLflow run logged.

  Sample generations (best checkpoint):
------------------------------------------------------------
Traceback (most recent call last):
  File "F:\projects\autoresearch\math_lab\finetune.py", line 960, in <module>
    main()
  File "F:\projects\autoresearch\math_lab\finetune.py", line 937, in main
    best_model, _ = load_checkpoint(CKPT_DIR / "best.pt", device)
                    ^^^^^^^^^^^^^^^^^^^^^^^^^^^^^^^^^^^^^^^^^^^^^
  File "F:\projects\autoresearch\math_lab\finetune.py", line 358, in load_checkpoint
    ckpt = torch.load(path, map_location=device, weights_only=False)
           ^^^^^^^^^^^^^^^^^^^^^^^^^^^^^^^^^^^^^^^^^^^^^^^^^^^^^^^^^
  File "C:\Users\seanj\AppData\Roaming\Python\Python312\site-packages\torch\serialization.py", line 1425, in load
    with _open_file_like(f, "rb") as opened_file:
         ^^^^^^^^^^^^^^^^^^^^^^^^
  File "C:\Users\seanj\AppData\Roaming\Python\Python312\site-packages\torch\serialization.py", line 751, in _open_file_like
    return _open_file(name_or_buffer, mode)
           ^^^^^^^^^^^^^^^^^^^^^^^^^^^^^^^^
  File "C:\Users\seanj\AppData\Roaming\Python\Python312\site-packages\torch\serialization.py", line 732, in __init__
    super().__init__(open(name, mode))
                     ^^^^^^^^^^^^^^^^
FileNotFoundError: [Errno 2] No such file or directory: 'F:\\projects\\autoresearch\\math_lab\\results\\checkpoints\\best.pt'
[2026-05-16 17:56:22] training rc=1
[2026-05-16 17:56:22] snapshot: best.pt -> F:/projects/autoresearch/bet_a/artifacts/bet_a_v2_B_8x8_512_char.pt
[2026-05-16 17:56:22] === finished ===
